// Jest Snapshot v1, https://goo.gl/fbAQLP

exports[`test for SignIn component it should render 1`] = `ShallowWrapper {}`;
